[html.nkdev.info/youplay/dark/index.html]
[backblue.gif]
[fade.gif]
[index.html]
[html.nkdev.info/youplay/dark/assets/images/icon.png]
[html.nkdev.info/youplay/assets/plugins/bootstrap/css/bootstrap.min.css]
[html.nkdev.info/youplay/assets/plugins/fontawesome/css/font-awesome.min.css]
[html.nkdev.info/youplay/assets/plugins/owl.carousel/owl.carousel.css]
[html.nkdev.info/youplay/dark/assets/images/logo.png]
[html.nkdev.info/youplay/assets/youplay/css/youplay.min.css]
[html.nkdev.info/youplay/dark/store-1.html]
[html.nkdev.info/youplay/dark/store-2.html]
[html.nkdev.info/youplay/dark/cart.html]
[html.nkdev.info/youplay/dark/store-product-1.html]
[html.nkdev.info/youplay/dark/store-product-2.html]
[html.nkdev.info/youplay/dark/checkout.html]
[html.nkdev.info/youplay/dark/blog-1.html]
[html.nkdev.info/youplay/dark/blog-2.html]
[html.nkdev.info/youplay/dark/blog-3.html]
[html.nkdev.info/youplay/dark/blog-post-1.html]
[html.nkdev.info/youplay/dark/blog-post-2.html]
[html.nkdev.info/youplay/dark/blog-post-3.html]
[html.nkdev.info/youplay/dark/user-activity.html]
[html.nkdev.info/youplay/dark/user-profile.html]
[html.nkdev.info/youplay/dark/user-messages.html]
[html.nkdev.info/youplay/dark/user-messages-compose.html]
[html.nkdev.info/youplay/dark/user-settings.html]
[html.nkdev.info/youplay/dark/forums.html]
[html.nkdev.info/youplay/dark/forums-topics.html]
[html.nkdev.info/youplay/dark/forums-single-topic.html]
[html.nkdev.info/youplay/dark/matches-list.html]
[html.nkdev.info/youplay/dark/match.html]
[html.nkdev.info/youplay/dark/match-2.html]
[html.nkdev.info/youplay/dark/components.html]
[html.nkdev.info/youplay/dark/coming-soon.html]
[html.nkdev.info/youplay/dark/contact.html]
[html.nkdev.info/youplay/dark/search.html]
[html.nkdev.info/youplay/dark/login.html]
[html.nkdev.info/youplay/dark/404.html]
[html.nkdev.info/youplay/dark/blank.html]
[html.nkdev.info/youplay/dark/assets/images/game-bloodborne-500x375.jpg]
[html.nkdev.info/youplay/dark/assets/images/game-kingdoms-of-amalur-reckoning-500x375.jpg]
[html.nkdev.info/youplay/dark/assets/images/banner-bg.jpg]
[html.nkdev.info/youplay/dark/assets/images/game-dark-souls-ii-500x375.jpg]
[html.nkdev.info/youplay/dark/assets/images/game-lords-of-the-fallen-500x375.jpg]
[html.nkdev.info/youplay/dark/assets/images/game-middle-eart-shadow-of-mordor-500x375.jpg]
[html.nkdev.info/youplay/dark/assets/images/game-soul-sacrifice-500x375.jpg]
[html.nkdev.info/youplay/dark/assets/images/game-the-witcher-500x375.jpg]
[html.nkdev.info/youplay/dark/assets/images/game-diablo-iii-500x375.jpg]
[html.nkdev.info/youplay/dark/assets/images/game-dragons-dogma-500x375.jpg]
[html.nkdev.info/youplay/dark/assets/images/banner-witcher-3.jpg]
[html.nkdev.info/youplay/dark/assets/images/partner-logo-1.png]
[html.nkdev.info/youplay/dark/assets/images/partner-logo-2.png]
[html.nkdev.info/youplay/dark/assets/images/partner-logo-3.png]
[html.nkdev.info/youplay/dark/assets/images/partner-logo-4.png]
[html.nkdev.info/youplay/dark/assets/images/partner-logo-5.png]
[html.nkdev.info/youplay/dark/assets/images/partner-logo-6.png]
[html.nkdev.info/youplay/dark/assets/images/partner-logo-7.png]
[html.nkdev.info/youplay/dark/assets/images/partner-logo-8.png]
[html.nkdev.info/youplay/dark/assets/images/footer-bg.jpg]
[html.nkdev.info/youplay/assets/plugins/jquery/jquery.min.js]
[html.nkdev.info/youplay/assets/plugins/css-shapes-polyfill/shapes-polyfill.min.js]
[html.nkdev.info/youplay/assets/plugins/jquery.hexagonprogress/jquery.hexagonprogress.min.js]
[html.nkdev.info/youplay/assets/plugins/bootstrap/js/bootstrap.min.js]
[html.nkdev.info/youplay/assets/plugins/skrollr/skrollr.min.js]
[html.nkdev.info/youplay/assets/plugins/jarallax/jarallax/jarallax.js]
[html.nkdev.info/youplay/assets/plugins/smoothscroll/smoothscroll.js]
[html.nkdev.info/youplay/assets/plugins/owl.carousel/owl.carousel.min.js]
[html.nkdev.info/youplay/assets/plugins/jquery.coundown/jquery.countdown.min.js]
[html.nkdev.info/youplay/dark/index.html]
[html.nkdev.info/youplay/assets/youplay/js/youplay.min.js]
[fonts.googleapis.com/css8f84.css]
[html.nkdev.info/youplay/dark/assets/images/dummy.png]
[html.nkdev.info/youplay/assets/plugins/slider-revolution/examples&source/rs-plugin/css/settings.css]
[html.nkdev.info/youplay/dark/assets/images/game-skyrim-500x375.jpg]
[html.nkdev.info/youplay/dark/assets/images/game-prototype-500x375.jpg]
[html.nkdev.info/youplay/dark/assets/images/game-risen-3-500x375.jpg]
[html.nkdev.info/youplay/dark/assets/images/game-neverwinter-500x375.jpg]
[html.nkdev.info/youplay/dark/assets/images/game-assassins-creed-4-500x375.jpg]
[html.nkdev.info/youplay/dark/assets/images/game-half-life-3-500x375.jpg]
[html.nkdev.info/youplay/assets/plugins/slider-revolution/examples&source/rs-plugin/js/jquery.themepunch.tools.min.js]
[html.nkdev.info/youplay/assets/plugins/slider-revolution/examples&source/rs-plugin/js/jquery.themepunch.revolution.min.js]
[html.nkdev.info/youplay/assets/plugins/isotope/isotope.pkgd.min.js]
[html.nkdev.info/youplay/dark/store-1.html]
[html.nkdev.info/youplay/dark/store-2.html]
[html.nkdev.info/youplay/dark/assets/images/banner-blog-bg.jpg]
[html.nkdev.info/youplay/dark/cart.html]
[html.nkdev.info/youplay/assets/plugins/magnific-popup/magnific-popup.css]
[html.nkdev.info/youplay/assets/plugins/social-likes/social-likes_flat.css]
[html.nkdev.info/youplay/dark/assets/images/game-bloodborne-1920x1151.jpg]
[html.nkdev.info/youplay/dark/assets/images/game-bloodborne-4-1920x1080.jpg]
[html.nkdev.info/youplay/dark/assets/images/game-bloodborne-4-500x375.jpg]
[html.nkdev.info/youplay/dark/assets/images/game-bloodborne-5-1920x1080.jpg]
[html.nkdev.info/youplay/dark/assets/images/game-bloodborne-5-500x375.jpg]
[html.nkdev.info/youplay/dark/assets/images/game-bloodborne-2-1920x1080.jpg]
[html.nkdev.info/youplay/dark/assets/images/game-bloodborne-2-500x375.jpg]
[html.nkdev.info/youplay/dark/assets/images/game-bloodborne-3-1920x1080.jpg]
[html.nkdev.info/youplay/dark/assets/images/game-bloodborne-3-500x375.jpg]
[html.nkdev.info/youplay/dark/assets/images/game-bloodborne-6-1920x1080.jpg]
[html.nkdev.info/youplay/dark/assets/images/game-bloodborne-6-500x375.jpg]
[html.nkdev.info/youplay/dark/assets/images/game-bloodborne-7-1920x1080.jpg]
[html.nkdev.info/youplay/dark/assets/images/game-bloodborne-7-500x375.jpg]
[html.nkdev.info/youplay/dark/assets/images/avatar-user-1.png]
[html.nkdev.info/youplay/dark/assets/images/avatar-user-4.png]
[html.nkdev.info/youplay/dark/assets/images/avatar.png]
[html.nkdev.info/youplay/assets/plugins/magnific-popup/jquery.magnific-popup.min.js]
[html.nkdev.info/youplay/assets/plugins/social-likes/social-likes.min.js]
[html.nkdev.info/youplay/dark/store-product-1.html]
[html.nkdev.info/youplay/dark/assets/images/game-dark-souls-ii-5-1280x720.jpg]
[html.nkdev.info/youplay/dark/assets/images/game-dark-souls-ii-5-500x375.jpg]
[html.nkdev.info/youplay/dark/assets/images/game-dark-souls-ii-6-1280x720.jpg]
[html.nkdev.info/youplay/dark/assets/images/game-dark-souls-ii-6-500x375.jpg]
[html.nkdev.info/youplay/dark/assets/images/game-dark-souls-ii-7-1280x720.jpg]
[html.nkdev.info/youplay/dark/assets/images/game-dark-souls-ii-7-500x375.jpg]
[html.nkdev.info/youplay/dark/assets/images/game-dark-souls-ii-8-1280x720.jpg]
[html.nkdev.info/youplay/dark/assets/images/game-dark-souls-ii-8-500x375.jpg]
[html.nkdev.info/youplay/dark/assets/images/game-dark-souls-ii-9-1280x720.jpg]
[html.nkdev.info/youplay/dark/assets/images/game-dark-souls-ii-9-500x375.jpg]
[html.nkdev.info/youplay/dark/assets/images/avatar-user-3.png]
[html.nkdev.info/youplay/dark/store-product-2.html]
[html.nkdev.info/youplay/dark/checkout.html]
[html.nkdev.info/youplay/dark/blog-1.html]
[html.nkdev.info/youplay/dark/blog-2.html]
[html.nkdev.info/youplay/dark/blog-3.html]
[html.nkdev.info/youplay/dark/blog-post-1.html]
[html.nkdev.info/youplay/dark/assets/images/game-dark-souls-ii-1920x1080.jpg]
[html.nkdev.info/youplay/dark/assets/images/game-dark-souls-ii-2-1920x1248.jpg]
[html.nkdev.info/youplay/dark/assets/images/game-dark-souls-ii-2-500x375.jpg]
[html.nkdev.info/youplay/dark/assets/images/game-dark-souls-ii-3-1920x1080.jpg]
[html.nkdev.info/youplay/dark/assets/images/game-dark-souls-ii-3-500x375.jpg]
[html.nkdev.info/youplay/dark/assets/images/game-dark-souls-ii-4-1280x720.jpg]
[html.nkdev.info/youplay/dark/assets/images/game-dark-souls-ii-4-500x375.jpg]
[html.nkdev.info/youplay/dark/blog-post-2.html]
[html.nkdev.info/youplay/dark/assets/images/game-kingdoms-of-amalur-reckoning-1440x900.jpg]
[html.nkdev.info/youplay/dark/assets/images/game-kingdoms-of-amalur-reckoning-2-1940x1185.jpg]
[html.nkdev.info/youplay/dark/assets/images/game-kingdoms-of-amalur-reckoning-2-500x375.jpg]
[html.nkdev.info/youplay/dark/assets/images/game-kingdoms-of-amalur-reckoning-3-1920x1080.jpg]
[html.nkdev.info/youplay/dark/assets/images/game-kingdoms-of-amalur-reckoning-3-500x375.jpg]
[html.nkdev.info/youplay/dark/assets/images/game-kingdoms-of-amalur-reckoning-4-1920x1080.jpg]
[html.nkdev.info/youplay/dark/assets/images/game-kingdoms-of-amalur-reckoning-4-500x375.jpg]
[html.nkdev.info/youplay/dark/assets/images/game-kingdoms-of-amalur-reckoning-5-1280x800.jpg]
[html.nkdev.info/youplay/dark/assets/images/game-kingdoms-of-amalur-reckoning-5-500x375.jpg]
[html.nkdev.info/youplay/dark/assets/images/avatar-user-2.png]
[html.nkdev.info/youplay/dark/blog-post-3.html]
[html.nkdev.info/youplay/dark/assets/images/game-diablo-iii-1400x656.jpg]
[html.nkdev.info/youplay/dark/assets/images/user-photo.jpg]
[html.nkdev.info/youplay/dark/assets/images/user-avatar.jpg]
[html.nkdev.info/youplay/dark/user-activity.html]
[html.nkdev.info/youplay/dark/user-profile.html]
[html.nkdev.info/youplay/dark/user-messages.html]
[html.nkdev.info/youplay/dark/user-messages-compose.html]
[html.nkdev.info/youplay/dark/user-settings.html]
[html.nkdev.info/youplay/dark/forums.html]
[html.nkdev.info/youplay/dark/forums-topics.html]
[html.nkdev.info/youplay/dark/forums-single-topic.html]
[html.nkdev.info/youplay/dark/assets/images/clan-navi.jpg]
[html.nkdev.info/youplay/dark/assets/images/clan-ehome.jpg]
[html.nkdev.info/youplay/dark/assets/images/clan-youplay.jpg]
[html.nkdev.info/youplay/dark/assets/images/clan-team-secret.jpg]
[html.nkdev.info/youplay/dark/assets/images/clan-fnatic.jpg]
[html.nkdev.info/youplay/dark/assets/images/clan-skt-t1.jpg]
[html.nkdev.info/youplay/dark/assets/images/clan-virtus-pro.jpg]
[html.nkdev.info/youplay/dark/matches-list.html]
[html.nkdev.info/youplay/dark/match.html]
[html.nkdev.info/youplay/dark/assets/images/game-map-dust.jpg]
[html.nkdev.info/youplay/dark/assets/images/game-map-mirage.jpg]
[html.nkdev.info/youplay/dark/match-2.html]
[html.nkdev.info/youplay/dark/components.html]
[html.nkdev.info/youplay/dark/assets/images/logo-witcher-3-400x197.png]
[html.nkdev.info/youplay/dark/coming-soon.html]
[html.nkdev.info/youplay/assets/plugins/bootstrap-sweetalert/lib/sweet-alert.css]
[html.nkdev.info/youplay/assets/plugins/bootstrap-validator/dist/validator.min.js]
[html.nkdev.info/youplay/dark/contact.html]
[html.nkdev.info/youplay/dark/search.html]
[html.nkdev.info/youplay/dark/login.html]
[html.nkdev.info/youplay/assets/plugins/bootstrap-sweetalert/lib/sweet-alert.min.js]
[html.nkdev.info/youplay/dark/assets/images/game-dark-souls-ii-10-1680x1050.jpg]
[html.nkdev.info/youplay/dark/404.html]
[html.nkdev.info/youplay/dark/blank.html]
[html.nkdev.info/youplay/dark/main-inbox.html]
[html.nkdev.info/youplay/dark/assets/images/game-bloodborne-500x375.jpg]
[html.nkdev.info/youplay/dark/assets/images/logo.png]
[html.nkdev.info/youplay/dark/assets/images/game-kingdoms-of-amalur-reckoning-500x375.jpg]
[html.nkdev.info/youplay/assets/plugins/bootstrap/css/bootstrap.min.css]
[html.nkdev.info/youplay/dark/assets/images/banner-bg.jpg]
[html.nkdev.info/youplay/dark/assets/images/game-dark-souls-ii-500x375.jpg]
[html.nkdev.info/youplay/dark/assets/images/game-lords-of-the-fallen-500x375.jpg]
[html.nkdev.info/youplay/assets/plugins/fontawesome/css/font-awesome.min.css]
[html.nkdev.info/youplay/dark/assets/images/game-middle-eart-shadow-of-mordor-500x375.jpg]
[html.nkdev.info/youplay/dark/assets/images/game-soul-sacrifice-500x375.jpg]
[html.nkdev.info/youplay/dark/assets/images/game-the-witcher-500x375.jpg]
[html.nkdev.info/youplay/dark/assets/images/game-diablo-iii-500x375.jpg]
[html.nkdev.info/youplay/assets/plugins/owl.carousel/owl.carousel.css]
[html.nkdev.info/youplay/assets/youplay/css/youplay.min.css]
[html.nkdev.info/youplay/dark/assets/images/game-dragons-dogma-500x375.jpg]
[html.nkdev.info/youplay/dark/store-1.html]
[html.nkdev.info/youplay/assets/plugins/jquery/jquery.min.js]
[html.nkdev.info/youplay/dark/assets/images/dummy.png]
[html.nkdev.info/youplay/dark/assets/images/game-skyrim-500x375.jpg]
[html.nkdev.info/youplay/dark/assets/images/game-prototype-500x375.jpg]
[html.nkdev.info/youplay/dark/assets/images/game-risen-3-500x375.jpg]
[html.nkdev.info/youplay/assets/plugins/css-shapes-polyfill/shapes-polyfill.min.js]
[html.nkdev.info/youplay/assets/plugins/jquery.hexagonprogress/jquery.hexagonprogress.min.js]
[html.nkdev.info/youplay/dark/assets/images/game-neverwinter-500x375.jpg]
[html.nkdev.info/youplay/dark/assets/images/game-assassins-creed-4-500x375.jpg]
[html.nkdev.info/youplay/assets/plugins/bootstrap/js/bootstrap.min.js]
[html.nkdev.info/youplay/assets/plugins/skrollr/skrollr.min.js]
[html.nkdev.info/youplay/assets/plugins/jarallax/jarallax/jarallax.js]
[html.nkdev.info/youplay/dark/assets/images/game-half-life-3-500x375.jpg]
[html.nkdev.info/youplay/dark/assets/images/banner-blog-bg.jpg]
[html.nkdev.info/youplay/dark/assets/images/game-bloodborne-1920x1151.jpg]
[html.nkdev.info/youplay/assets/plugins/smoothscroll/smoothscroll.js]
[html.nkdev.info/youplay/assets/plugins/owl.carousel/owl.carousel.min.js]
[html.nkdev.info/youplay/assets/plugins/jquery.coundown/jquery.countdown.min.js]
[html.nkdev.info/youplay/dark/assets/images/game-bloodborne-4-1920x1080.jpg]
[html.nkdev.info/youplay/dark/assets/images/game-bloodborne-4-500x375.jpg]
[html.nkdev.info/youplay/dark/assets/images/game-bloodborne-5-1920x1080.jpg]
[html.nkdev.info/youplay/assets/youplay/js/youplay.min.js]
[html.nkdev.info/youplay/dark/assets/images/game-bloodborne-5-500x375.jpg]
[html.nkdev.info/youplay/assets/plugins/slider-revolution/examples&source/rs-plugin/images/gradient/g30.png]
[html.nkdev.info/youplay/dark/assets/images/game-bloodborne-2-1920x1080.jpg]
[html.nkdev.info/youplay/assets/plugins/slider-revolution/examples&source/rs-plugin/images/gradient/g40.png]
[html.nkdev.info/youplay/dark/assets/images/game-bloodborne-2-500x375.jpg]
[html.nkdev.info/youplay/assets/plugins/slider-revolution/examples&source/rs-plugin/assets/shadow1.png]
[html.nkdev.info/youplay/assets/plugins/slider-revolution/examples&source/rs-plugin/assets/shadow2.png]
[html.nkdev.info/youplay/assets/plugins/slider-revolution/examples&source/rs-plugin/assets/shadow3.png]
[html.nkdev.info/youplay/assets/plugins/slider-revolution/examples&source/rs-plugin/assets/gridtile.png]
[html.nkdev.info/youplay/assets/plugins/slider-revolution/examples&source/rs-plugin/assets/gridtile_white.png]
[html.nkdev.info/youplay/dark/assets/images/game-bloodborne-3-1920x1080.jpg]
[html.nkdev.info/youplay/assets/plugins/slider-revolution/examples&source/rs-plugin/assets/gridtile_3x3.png]
[html.nkdev.info/youplay/assets/plugins/slider-revolution/examples&source/rs-plugin/assets/gridtile_3x3_white.png]
[html.nkdev.info/youplay/assets/plugins/slider-revolution/examples&source/rs-plugin/assets/boxed_bgtile.png]
[html.nkdev.info/youplay/assets/plugins/slider-revolution/examples&source/rs-plugin/assets/navigdots_bgtile.png]
[html.nkdev.info/youplay/assets/plugins/slider-revolution/examples&source/rs-plugin/assets/bullet.png]
[html.nkdev.info/youplay/assets/plugins/slider-revolution/examples&source/rs-plugin/assets/bullets.png]
[html.nkdev.info/youplay/assets/plugins/slider-revolution/examples&source/rs-plugin/assets/bullets2.png]
[html.nkdev.info/youplay/assets/plugins/slider-revolution/examples&source/rs-plugin/assets/bullet_boxed.png]
[html.nkdev.info/youplay/assets/plugins/slider-revolution/examples&source/rs-plugin/assets/navigdots.png]
[html.nkdev.info/youplay/assets/plugins/slider-revolution/examples&source/rs-plugin/assets/large_left.png]
[html.nkdev.info/youplay/assets/plugins/slider-revolution/examples&source/rs-plugin/assets/large_right.png]
[html.nkdev.info/youplay/assets/plugins/slider-revolution/examples&source/rs-plugin/assets/small_left.png]
[html.nkdev.info/youplay/assets/plugins/slider-revolution/examples&source/rs-plugin/assets/small_right.png]
[html.nkdev.info/youplay/assets/plugins/slider-revolution/examples&source/rs-plugin/assets/arrow_left.png]
[html.nkdev.info/youplay/assets/plugins/slider-revolution/examples&source/rs-plugin/assets/arrow_right.png]
[html.nkdev.info/youplay/assets/plugins/slider-revolution/examples&source/rs-plugin/assets/small_left_boxed.png]
[html.nkdev.info/youplay/assets/plugins/slider-revolution/examples&source/rs-plugin/assets/small_right_boxed.png]
[html.nkdev.info/youplay/assets/plugins/slider-revolution/examples&source/rs-plugin/assets/arrowleft.png]
[html.nkdev.info/youplay/assets/plugins/slider-revolution/examples&source/rs-plugin/assets/arrowright.png]
[html.nkdev.info/youplay/assets/plugins/slider-revolution/examples&source/rs-plugin/assets/arrow_left2.png]
[html.nkdev.info/youplay/assets/plugins/slider-revolution/examples&source/rs-plugin/assets/arrow_right2.png]
[html.nkdev.info/youplay/assets/plugins/slider-revolution/examples&source/rs-plugin/assets/timer.png]
[html.nkdev.info/youplay/assets/plugins/slider-revolution/examples&source/rs-plugin/assets/coloredbg.png]
[html.nkdev.info/youplay/assets/plugins/slider-revolution/examples&source/rs-plugin/assets/loader.gif]
[html.nkdev.info/youplay/assets/plugins/slider-revolution/examples&source/rs-plugin/css/settings.css]
[html.nkdev.info/youplay/dark/assets/images/game-bloodborne-3-500x375.jpg]
[html.nkdev.info/youplay/assets/plugins/slider-revolution/examples&source/rs-plugin/js/jquery.themepunch.tools.min.js]
[html.nkdev.info/youplay/dark/assets/images/game-bloodborne-6-1920x1080.jpg]
[html.nkdev.info/youplay/assets/plugins/slider-revolution/examples&source/rs-plugin/js/jquery.themepunch.revolution.min.js]
[html.nkdev.info/youplay/dark/assets/images/game-bloodborne-6-500x375.jpg]
[html.nkdev.info/youplay/dark/assets/images/game-bloodborne-7-1920x1080.jpg]
[html.nkdev.info/youplay/assets/plugins/isotope/isotope.pkgd.min.js]
[html.nkdev.info/youplay/dark/assets/images/game-bloodborne-7-500x375.jpg]
[html.nkdev.info/youplay/assets/plugins/magnific-popup/magnific-popup.css]
[html.nkdev.info/youplay/dark/assets/images/avatar-user-1.png]
[html.nkdev.info/youplay/assets/plugins/social-likes/social-likes_flat.css]
[html.nkdev.info/youplay/dark/assets/images/game-dark-souls-ii-5-1280x720.jpg]
[html.nkdev.info/youplay/assets/plugins/magnific-popup/jquery.magnific-popup.min.js]
[html.nkdev.info/youplay/dark/assets/images/game-dark-souls-ii-5-500x375.jpg]
[html.nkdev.info/youplay/assets/plugins/social-likes/social-likes.min.js]
[html.nkdev.info/youplay/dark/main-inbox.html]
[html.nkdev.info/youplay/assets/plugins/slider-revolution/examples&source/rs-plugin/images/gradient/g30.png]
[html.nkdev.info/youplay/assets/plugins/bootstrap-sweetalert/lib/sweet-alert.css]
[html.nkdev.info/youplay/assets/plugins/bootstrap-validator/dist/validator.min.js]
[html.nkdev.info/youplay/assets/plugins/slider-revolution/examples&source/rs-plugin/images/gradient/g40.png]
[html.nkdev.info/youplay/assets/plugins/slider-revolution/examples&source/rs-plugin/assets/shadow1.png]
[html.nkdev.info/youplay/assets/plugins/bootstrap-sweetalert/lib/sweet-alert.min.js]
[html.nkdev.info/youplay/assets/plugins/slider-revolution/examples&source/rs-plugin/assets/shadow2.png]
[html.nkdev.info/youplay/assets/plugins/slider-revolution/examples&source/rs-plugin/assets/shadow3.png]
[html.nkdev.info/youplay/assets/plugins/slider-revolution/examples&source/rs-plugin/assets/gridtile.png]
[html.nkdev.info/youplay/assets/plugins/slider-revolution/examples&source/rs-plugin/assets/gridtile_white.png]
[html.nkdev.info/youplay/assets/plugins/slider-revolution/examples&source/rs-plugin/assets/gridtile_3x3.png]
[html.nkdev.info/youplay/assets/plugins/slider-revolution/examples&source/rs-plugin/assets/gridtile_3x3_white.png]
[html.nkdev.info/youplay/assets/plugins/slider-revolution/examples&source/rs-plugin/assets/boxed_bgtile.png]
[html.nkdev.info/youplay/assets/plugins/slider-revolution/examples&source/rs-plugin/assets/navigdots_bgtile.png]
[html.nkdev.info/youplay/assets/plugins/slider-revolution/examples&source/rs-plugin/assets/bullet.png]
[html.nkdev.info/youplay/assets/plugins/slider-revolution/examples&source/rs-plugin/assets/bullets.png]
[html.nkdev.info/youplay/assets/plugins/slider-revolution/examples&source/rs-plugin/assets/bullets2.png]
[html.nkdev.info/youplay/assets/plugins/slider-revolution/examples&source/rs-plugin/assets/bullet_boxed.png]
[html.nkdev.info/youplay/assets/plugins/slider-revolution/examples&source/rs-plugin/assets/navigdots.png]
[html.nkdev.info/youplay/assets/plugins/bootstrap/fonts/glyphicons-halflings-regular.svg]
[html.nkdev.info/youplay/assets/plugins/fontawesome/fonts/fontawesome-webfont93e3.svg]
[html.nkdev.info/youplay/assets/plugins/owl.carousel/owl.video.play.html]
[html.nkdev.info/youplay/assets/plugins/slider-revolution/examples&source/rs-plugin/assets/large_left.png]
[html.nkdev.info/youplay/assets/plugins/slider-revolution/examples&source/rs-plugin/assets/large_right.png]
[html.nkdev.info/youplay/assets/plugins/slider-revolution/examples&source/rs-plugin/assets/small_left.png]
[html.nkdev.info/youplay/assets/plugins/slider-revolution/examples&source/rs-plugin/assets/small_right.png]
[html.nkdev.info/youplay/dark/GET.html]
[html.nkdev.info/youplay/dark/Popover requires tooltip.html]
[html.nkdev.info/youplay/assets/plugins/slider-revolution/examples&source/rs-plugin/font/revicons90c6.svg]
[html.nkdev.info/youplay/dark/TweenLite.html]
[html.nkdev.info/youplay/assets/plugins/slider-revolution/examples&source/rs-plugin/assets/arrow_left.png]
[html.nkdev.info/youplay/dark/Version/index.html]
[html.nkdev.info/youplay/TweenLite.html]
